// Vitest Snapshot v1

exports[`matches snapshot 1`] = `
"<div class=\\"px-[20px] py-[30px] rounded-[15px] w-full h-fit flex flex-col card-title\\" style=\\"border-color: transparent; background: rgb(247, 247, 247);\\">
  <h1 class=\\"text-[20px] font-bold text-black\\">The Settings</h1>
  <!---->
</div>"
`;
