// Vitest Snapshot v1

exports[`matches snapshot 1`] = `"<button class=\\"px-[12px] py-[6px] rounded-[8px]  font-bold text-[14px] flex items-center justify-center gap-x-[8px] hover:brightness-110 transition-all duration-200  w-fit\\" style=\\"background: red; color: rgb(0, 0, 0); border-color: transparent; cursor: pointer;\\" target=\\"_blank\\">test</button>"`;
