// Vitest Snapshot v1

exports[`matches snapshot 1`] = `"<button style=\\"background: red;\\" class=\\"border-0\\">test</button>"`;
